[backblue.gif]
[fade.gif]
[index.html]
[brand.twitch.tv/assets/favicons/favicon.ico]
[brand.twitch.tv/assets/favicons/favicon-32x32.png]
[brand.twitch.tv/assets/favicons/favicon-16x16.png]
[brand.twitch.tv/assets/images/og.jpg]
[brand.twitch.tv/assets/images/twitch-extruded.png]
[brand.twitch.tv/downloads/twitch-brand-assets.zip]
[brand.twitch.tv/assets/emotes/lib/dududu.png]
[brand.twitch.tv/assets/emotes/lib/coocat.png]
[brand.twitch.tv/assets/emotes/lib/komodohype.png]
[brand.twitch.tv/assets/emotes/lib/coolstorybob.png]
[brand.twitch.tv/assets/emotes/lib/twitchunity.png]
[brand.twitch.tv/assets/emotes/lib/kreygasm.png]
[brand.twitch.tv/assets/emotes/lib/kappa.png]
[brand.twitch.tv/assets/emotes/lib/curselit.png]
[brand.twitch.tv/assets/emotes/lib/lul.png]
[brand.twitch.tv/assets/images/black.png]
[brand.twitch.tv/assets/emotes/lib/notlikethis.png]
[brand.twitch.tv/assets/images/bandicoot.png]
[brand.twitch.tv/assets/emotes/emote/giveplz.png]
[brand.twitch.tv/assets/emotes/emote/heyguys.png]
[brand.twitch.tv/assets/emotes/emote/jebaited.png]
[brand.twitch.tv/assets/emotes/emote/kappa.png]
[brand.twitch.tv/assets/emotes/emote/lul.png]
[brand.twitch.tv/assets/emotes/emote/notlikethis.png]
[brand.twitch.tv/assets/emotes/emote/komodohype.png]
[brand.twitch.tv/assets/emotes/emote/wutface.png]
[brand.twitch.tv/assets/emotes/lib/bleedPurple.png]
[brand.twitch.tv/assets/emotes/lib/seemsgood.png]
[brand.twitch.tv/vendor/js/phaser-custom.min.js]
[brand.twitch.tv/flappy-glitch.js]
[brand.twitch.tv/assets/plyr/main.js]
[brand.twitch.tv/assets/kappage-moog.min.js]
[brand.twitch.tv/assets/lottie.min.js]
[brand.twitch.tv/index.html]
[brand.twitch.tv/assets/fonts/roobert/Roobert-Light.otf]
[brand.twitch.tv/assets/fonts/roobert/Roobert-Regular.otf]
[brand.twitch.tv/assets/fonts/roobert/Roobert-Medium.otf]
[brand.twitch.tv/assets/fonts/roobert/Roobert-SemiBold.otf]
[brand.twitch.tv/assets/fonts/roobert/Roobert-Bold.otf]
[brand.twitch.tv/assets/fonts/roobert/Roobert-Heavy.otf]
[brand.twitch.tv/assets/emotes/lib/4head.png]
[brand.twitch.tv/assets/emotes/lib/frankerz.png]
[brand.twitch.tv/assets/brand.css]
[brand.twitch.tv/assets/images/twitch.svg]
[brand.twitch.tv/assets/logos/svg/glitch/black.svg]
[brand.twitch.tv/assets/logos/svg/glitch/purple.svg]
[brand.twitch.tv/assets/logos/svg/wordmark-extruded/black.svg]
[brand.twitch.tv/assets/logos/svg/wordmark-extruded/purple.svg]
[brand.twitch.tv/assets/plyr/main.css]
[brand.twitch.tv/assets/icons/svg/out.svg]
[brand.twitch.tv/assets/icons/svg/arrow-l.svg]
[brand.twitch.tv/assets/icons/svg/facebook.svg]
[brand.twitch.tv/assets/icons/svg/twitter.svg]
[brand.twitch.tv/assets/icons/svg/instagram.svg]
[brand.twitch.tv/assets/icons/svg/search-alt.svg]
[brand.twitch.tv/assets/icons/svg/logo.html]
[brand.twitch.tv/assets/icons/svg/x-t.svg]
[brand.twitch.tv/assets/icons/svg/glitch-internships.svg]
[brand.twitch.tv/assets/images/bg-dot-o.svg]
[brand.twitch.tv/assets/images/bg-dot.svg]
